// Jest Snapshot v1, https://goo.gl/fbAQLP

exports[`<Footer /> renders without crashing 1`] = `
<footer>
  <small>
    BT Tech Test 2021
  </small>
</footer>
`;
